============================================================
TESTING AGGRESSIVE MODE FILTERS
============================================================



============================================================
TEST 1: Early Solana - Low volume but has txns
============================================================
Input:
  Liq: $15,000
  Vol1h: $0, Vol24h: $220
  Tx1h: 1, Tx24h: 6
python : Traceback (most recent call 
last):
At line:1 char:1
+ python test_aggressive_filters.py > 
test_output.txt 2>&1 ; type test_ ...
+ ~~~~~~~~~~~~~~~~~~~~~~~~~~~~~~~~~~~~~~~~
~~~~~~~~~~~~~~~~
    + CategoryInfo          : NotSpecifie 
   d: (Traceback (most recent call last)  
  ::String) [], RemoteException
    + FullyQualifiedErrorId : NativeComma 
   ndError
 
  File "C:\Users\hakim\Downloads\ScriptTra
ding\bot-meme\test_aggressive_filters.py",
 line 185, in <module>
    success = test_filters()
  File "C:\Users\hakim\Downloads\ScriptTra
ding\bot-meme\test_aggressive_filters.py",
 line 140, in test_filters
    print(f"  \u03941h: 
{pair['price_change_1h']:+.1f}%, 
\u039424h: 
{pair['price_change_24h']:+.1f}%")
    ~~~~~^^^^^^^^^^^^^^^^^^^^^^^^^^^^^^^^^
^^^^^^^^^^^^^^^^^^^^^^^^^^^^^^^^^^^^^^^^^^
^^^^^^^^
  File "C:\Users\hakim\AppData\Local\Progr
ams\Python\Python313\Lib\encodings\cp1252.
py", line 19, in encode
    return codecs.charmap_encode(input,sel
f.errors,encoding_table)[0]
           ~~~~~~~~~~~~~~~~~~~~~^^^^^^^^^^
^^^^^^^^^^^^^^^^^^^^^^^^
UnicodeEncodeError: 'charmap' codec can't 
encode character '\u0394' in position 2: 
character maps to <undefined>
